[Fri May 15 13:10:16 2026] [INFO] [Client 3] Starting client
[Fri May 15 13:10:16 2026] [INFO] [Sock 4] Connected to server
[Fri May 15 13:10:16 2026] [INFO] [Sock 4] Sending authentication request
[Fri May 15 13:10:16 2026] [DEBUG] [Sock 4] Server response: AUTH_SUCCESSFUL
[Fri May 15 13:10:16 2026] [INFO] [Sock 4] Authentication successful
[Fri May 15 13:10:16 2026] [DEBUG] [Client 3] Sent client ID
[Fri May 15 13:10:16 2026] [DEBUG] [Client 3] Sent architecture
[Fri May 15 13:10:16 2026] [DEBUG] [Client 3] Architecture response: HASH_INVALID
[Fri May 15 13:10:16 2026] [ERROR] [Client 3] Architecture rejected by server
[Fri May 15 13:10:16 2026] [ERROR] [Sock 4] Authentication failed
[Fri May 15 13:10:16 2026] [ERROR] [Client 3] Disconnected from server: Authentication failed
[Fri May 15 13:11:37 2026] [INFO] [Client 3] Starting client
[Fri May 15 13:11:37 2026] [INFO] [Sock 4] Connected to server
[Fri May 15 13:11:37 2026] [INFO] [Sock 4] Sending authentication request
[Fri May 15 13:11:37 2026] [DEBUG] [Sock 4] Server response: AUTH_SUCCESSFUL
[Fri May 15 13:11:37 2026] [INFO] [Sock 4] Authentication successful
[Fri May 15 13:11:37 2026] [DEBUG] [Client 3] Sent client ID
[Fri May 15 13:11:37 2026] [DEBUG] [Client 3] Sent architecture
[Fri May 15 13:11:37 2026] [DEBUG] [Client 3] Architecture response: HASH_INVALID
[Fri May 15 13:11:37 2026] [ERROR] [Client 3] Architecture rejected by server
[Fri May 15 13:11:37 2026] [ERROR] [Sock 4] Authentication failed
[Fri May 15 13:11:37 2026] [ERROR] [Client 3] Disconnected from server: Authentication failed
[Fri May 15 13:14:35 2026] [INFO] [Client 3] Starting client
[Fri May 15 13:14:35 2026] [INFO] [Sock 4] Connected to server
[Fri May 15 13:14:35 2026] [INFO] [Sock 4] Sending authentication request
[Fri May 15 13:14:35 2026] [DEBUG] [Sock 4] Server response: AUTH_SUCCESSFUL
[Fri May 15 13:14:35 2026] [INFO] [Sock 4] Authentication successful
[Fri May 15 13:14:35 2026] [DEBUG] [Client 3] Sent client ID
[Fri May 15 13:14:35 2026] [DEBUG] [Client 3] Sent architecture
[Fri May 15 13:14:35 2026] [DEBUG] [Client 3] Architecture response: HASH_INVALID
[Fri May 15 13:14:35 2026] [ERROR] [Client 3] Architecture rejected by server
[Fri May 15 13:14:35 2026] [ERROR] [Sock 4] Authentication failed
[Fri May 15 13:14:35 2026] [ERROR] [Client 3] Disconnected from server: Authentication failed
[Fri May 15 13:16:13 2026] [INFO] [Client 3] Starting client
[Fri May 15 13:16:13 2026] [INFO] [Sock 4] Connected to server
[Fri May 15 13:16:13 2026] [INFO] [Sock 4] Sending authentication request
[Fri May 15 13:16:13 2026] [DEBUG] [Sock 4] Server response: AUTH_SUCCESSFUL
[Fri May 15 13:16:13 2026] [INFO] [Sock 4] Authentication successful
[Fri May 15 13:16:13 2026] [DEBUG] [Client 3] Sent client ID
[Fri May 15 13:16:13 2026] [DEBUG] [Client 3] Sent architecture
[Fri May 15 13:16:13 2026] [DEBUG] [Client 3] Architecture response: HASH_INVALID
[Fri May 15 13:16:13 2026] [ERROR] [Client 3] Architecture rejected by server
[Fri May 15 13:16:13 2026] [ERROR] [Sock 4] Authentication failed
[Fri May 15 13:16:13 2026] [ERROR] [Client 3] Disconnected from server: Authentication failed
[Fri May 15 13:17:06 2026] [INFO] [Client 3] Starting client
[Fri May 15 13:17:06 2026] [INFO] [Sock 4] Connected to server (pt_path mode)
[Fri May 15 13:17:06 2026] [INFO] [Sock 4] Authentication successful (pt_path mode)
[Fri May 15 13:17:06 2026] [DEBUG] [Client 3] Sent client ID
[Fri May 15 13:17:06 2026] [DEBUG] [Client 3] Sent .pt hash: 4a790019...
[Fri May 15 13:17:06 2026] [DEBUG] [Client 3] Hash response: HASH_OK
[Fri May 15 13:17:06 2026] [INFO] [Client 3] PT hash verified
[Fri May 15 13:17:06 2026] [INFO] [Sock 4] Authenticated successfully (pt_path mode)
[Fri May 15 13:17:20 2026] [DEBUG] [Sock 4] Message content: Start Training
[Fri May 15 13:17:20 2026] [DEBUG] [Sock 4] Message code: 1
[Fri May 15 13:17:20 2026] [INFO] [Client 3] State: TRAINING
[Fri May 15 13:17:43 2026] [DEBUG] [Sock 4] Message content: Ping
[Fri May 15 13:17:43 2026] [DEBUG] [Sock 4] Message code: 5
[Fri May 15 13:17:43 2026] [DEBUG] [Client 3] PONG: TRAINING
[Fri May 15 13:17:43 2026] [INFO] [Client 3] State: IDLE
[Fri May 15 13:17:44 2026] [INFO] [Client 3] Finished training
[Fri May 15 13:17:44 2026] [DEBUG] [Sock 4] Message content: Weights
[Fri May 15 13:17:44 2026] [DEBUG] [Sock 4] Message code: 2
[Fri May 15 13:17:44 2026] [INFO] [Client 3] Sending weights to server
[Fri May 15 13:17:46 2026] [DEBUG] [Sock 4] Message content: Start Training
[Fri May 15 13:17:46 2026] [DEBUG] [Sock 4] Message code: 1
[Fri May 15 13:17:46 2026] [INFO] [Client 3] State: TRAINING
[Fri May 15 13:18:05 2026] [INFO] [Client 3] State: IDLE
[Fri May 15 13:18:06 2026] [INFO] [Client 3] Finished training
[Fri May 15 13:18:06 2026] [DEBUG] [Sock 4] Message content: Weights
[Fri May 15 13:18:06 2026] [DEBUG] [Sock 4] Message code: 2
[Fri May 15 13:18:06 2026] [INFO] [Client 3] Sending weights to server
[Fri May 15 23:18:42 2026] [INFO] [Client 3] Starting client
[Fri May 15 23:18:42 2026] [INFO] [Sock 4] Connected to server (pt_path mode)
[Fri May 15 23:18:42 2026] [INFO] [Sock 4] Authentication successful (pt_path mode)
[Fri May 15 23:18:42 2026] [DEBUG] [Client 3] Sent client ID
[Fri May 15 23:18:42 2026] [DEBUG] [Client 3] Sent .pt hash: 4a790019...
[Fri May 15 23:18:42 2026] [DEBUG] [Client 3] Hash response: HASH_OK
[Fri May 15 23:18:42 2026] [INFO] [Client 3] PT hash verified
[Fri May 15 23:18:42 2026] [INFO] [Sock 4] Authenticated successfully (pt_path mode)
[Fri May 15 23:19:13 2026] [DEBUG] [Sock 4] Message content: Start Training
[Fri May 15 23:19:13 2026] [DEBUG] [Sock 4] Message code: 1
[Fri May 15 23:19:14 2026] [INFO] [Client 3] State: TRAINING
[Fri May 15 23:19:15 2026] [DEBUG] [Sock 4] Message content: Ping
[Fri May 15 23:19:15 2026] [DEBUG] [Sock 4] Message code: 5
[Fri May 15 23:19:15 2026] [DEBUG] [Client 3] PONG: TRAINING
[Fri May 15 23:19:40 2026] [INFO] [Client 3] State: IDLE
[Fri May 15 23:19:41 2026] [INFO] [Client 3] Finished training
[Fri May 15 23:19:41 2026] [DEBUG] [Sock 4] Message content: Weights
[Fri May 15 23:19:41 2026] [DEBUG] [Sock 4] Message code: 2
[Fri May 15 23:19:41 2026] [INFO] [Client 3] Sending weights to server
[Fri May 15 23:43:11 2026] [INFO] [Client 3] Starting client
[Fri May 15 23:44:19 2026] [INFO] [Client 3] Starting client
[Fri May 15 23:44:19 2026] [INFO] [Sock 4] Connected to server (pt_path mode)
[Fri May 15 23:44:19 2026] [INFO] [Sock 4] Authentication successful (pt_path mode)
[Fri May 15 23:44:19 2026] [DEBUG] [Client 3] Sent client ID
[Fri May 15 23:44:19 2026] [DEBUG] [Client 3] Sent .pt hash: 9f751f19...
[Fri May 15 23:44:19 2026] [DEBUG] [Client 3] Hash response: HASH_OK
[Fri May 15 23:44:19 2026] [INFO] [Client 3] PT hash verified
[Fri May 15 23:44:19 2026] [INFO] [Sock 4] Authenticated successfully (pt_path mode)
[Fri May 15 23:47:05 2026] [DEBUG] [Sock 4] Message content: Start Training
[Fri May 15 23:47:05 2026] [DEBUG] [Sock 4] Message code: 1
[Fri May 15 23:47:05 2026] [INFO] [Client 3] State: TRAINING
[Fri May 15 23:47:26 2026] [DEBUG] [Sock 4] Message content: Ping
[Fri May 15 23:47:26 2026] [DEBUG] [Sock 4] Message code: 5
[Fri May 15 23:47:26 2026] [DEBUG] [Client 3] PONG: TRAINING
[Fri May 15 23:47:46 2026] [INFO] [Client 3] State: IDLE
[Fri May 15 23:47:47 2026] [INFO] [Client 3] Finished training
[Fri May 15 23:47:47 2026] [DEBUG] [Sock 4] Message content: Weights
[Fri May 15 23:47:47 2026] [DEBUG] [Sock 4] Message code: 2
[Fri May 15 23:47:47 2026] [INFO] [Client 3] Sending weights to server
[Fri May 15 23:47:49 2026] [DEBUG] [Sock 4] Message content: Start Training
[Fri May 15 23:47:49 2026] [DEBUG] [Sock 4] Message code: 1
[Fri May 15 23:47:49 2026] [INFO] [Client 3] State: TRAINING
[Fri May 15 23:47:56 2026] [DEBUG] [Sock 4] Message content: Ping
[Fri May 15 23:47:56 2026] [DEBUG] [Sock 4] Message code: 5
[Fri May 15 23:47:56 2026] [DEBUG] [Client 3] PONG: TRAINING
[Fri May 15 23:48:21 2026] [INFO] [Client 3] State: IDLE
[Fri May 15 23:48:22 2026] [INFO] [Client 3] Finished training
[Fri May 15 23:48:22 2026] [DEBUG] [Sock 4] Message content: Weights
[Fri May 15 23:48:22 2026] [DEBUG] [Sock 4] Message code: 2
[Fri May 15 23:48:22 2026] [INFO] [Client 3] Sending weights to server
[Fri May 15 23:48:24 2026] [DEBUG] [Sock 4] Message content: Start Training
[Fri May 15 23:48:24 2026] [DEBUG] [Sock 4] Message code: 1
[Fri May 15 23:48:24 2026] [INFO] [Client 3] State: TRAINING
[Fri May 15 23:48:26 2026] [DEBUG] [Sock 4] Message content: Ping
[Fri May 15 23:48:26 2026] [DEBUG] [Sock 4] Message code: 5
[Fri May 15 23:48:26 2026] [DEBUG] [Client 3] PONG: TRAINING
[Fri May 15 23:48:43 2026] [INFO] [Client 3] State: IDLE
[Fri May 15 23:48:43 2026] [INFO] [Client 3] Finished training
[Fri May 15 23:48:43 2026] [DEBUG] [Sock 4] Message content: Weights
[Fri May 15 23:48:43 2026] [DEBUG] [Sock 4] Message code: 2
[Fri May 15 23:48:43 2026] [INFO] [Client 3] Sending weights to server
[Fri May 15 23:48:45 2026] [DEBUG] [Sock 4] Message content: Start Training
[Fri May 15 23:48:45 2026] [DEBUG] [Sock 4] Message code: 1
[Fri May 15 23:48:45 2026] [INFO] [Client 3] State: TRAINING
[Fri May 15 23:48:56 2026] [DEBUG] [Sock 4] Message content: Ping
[Fri May 15 23:48:56 2026] [DEBUG] [Sock 4] Message code: 5
[Fri May 15 23:48:56 2026] [DEBUG] [Client 3] PONG: TRAINING
[Fri May 15 23:48:59 2026] [INFO] [Client 3] State: IDLE
[Fri May 15 23:48:59 2026] [INFO] [Client 3] Finished training
[Fri May 15 23:49:21 2026] [INFO] [Client 3] Starting client
[Fri May 15 23:49:21 2026] [INFO] [Sock 4] Connected to server (pt_path mode)
[Fri May 15 23:49:21 2026] [INFO] [Sock 4] Authentication successful (pt_path mode)
[Fri May 15 23:49:21 2026] [DEBUG] [Client 3] Sent client ID
[Fri May 15 23:49:21 2026] [DEBUG] [Client 3] Sent .pt hash: ccbc5d6f...
[Fri May 15 23:49:21 2026] [DEBUG] [Client 3] Hash response: HASH_INVALID
[Fri May 15 23:49:21 2026] [ERROR] [Client 3] PT hash rejected by server: HASH_INVALID
[Fri May 15 23:49:21 2026] [ERROR] [Sock 4] PT handshake failed
[Fri May 15 23:49:21 2026] [ERROR] [Client 3] Disconnected from server: PT handshake failed
[Fri May 15 23:51:00 2026] [INFO] [Client 3] Starting client
[Fri May 15 23:51:00 2026] [INFO] [Sock 4] Connected to server (pt_path mode)
[Fri May 15 23:51:00 2026] [INFO] [Sock 4] Authentication successful (pt_path mode)
[Fri May 15 23:51:00 2026] [DEBUG] [Client 3] Sent client ID
[Fri May 15 23:51:00 2026] [DEBUG] [Client 3] Sent .pt hash: ccbc5d6f...
[Fri May 15 23:51:00 2026] [DEBUG] [Client 3] Hash response: HASH_INVALID
[Fri May 15 23:51:00 2026] [ERROR] [Client 3] PT hash rejected by server: HASH_INVALID
[Fri May 15 23:51:00 2026] [ERROR] [Sock 4] PT handshake failed
[Fri May 15 23:51:00 2026] [ERROR] [Client 3] Disconnected from server: PT handshake failed
[Fri May 15 23:51:24 2026] [INFO] [Client 3] Starting client
[Fri May 15 23:51:24 2026] [INFO] [Sock 4] Connected to server (pt_path mode)
[Fri May 15 23:51:24 2026] [INFO] [Sock 4] Authentication successful (pt_path mode)
[Fri May 15 23:51:24 2026] [DEBUG] [Client 3] Sent client ID
[Fri May 15 23:51:24 2026] [DEBUG] [Client 3] Sent .pt hash: ccbc5d6f...
[Fri May 15 23:51:24 2026] [DEBUG] [Client 3] Hash response: HASH_OK
[Fri May 15 23:51:24 2026] [INFO] [Client 3] PT hash verified
[Fri May 15 23:51:24 2026] [INFO] [Sock 4] Authenticated successfully (pt_path mode)
[Fri May 15 23:51:32 2026] [DEBUG] [Sock 4] Message content: Start Training
[Fri May 15 23:51:32 2026] [DEBUG] [Sock 4] Message code: 1
[Fri May 15 23:51:32 2026] [INFO] [Client 3] State: TRAINING
[Fri May 15 23:51:38 2026] [DEBUG] [Sock 4] Message content: Ping
[Fri May 15 23:51:38 2026] [DEBUG] [Sock 4] Message code: 5
[Fri May 15 23:51:38 2026] [DEBUG] [Client 3] PONG: TRAINING
[Fri May 15 23:51:56 2026] [INFO] [Client 3] State: IDLE
[Fri May 15 23:51:57 2026] [INFO] [Client 3] Finished training
[Fri May 15 23:51:57 2026] [DEBUG] [Sock 4] Message content: Weights
[Fri May 15 23:51:57 2026] [DEBUG] [Sock 4] Message code: 2
[Fri May 15 23:51:57 2026] [INFO] [Client 3] Sending weights to server
[Fri May 15 23:53:19 2026] [INFO] [Client 3] Starting client
[Fri May 15 23:53:19 2026] [INFO] [Sock 4] Connected to server (pt_path mode)
[Fri May 15 23:53:19 2026] [INFO] [Sock 4] Authentication successful (pt_path mode)
[Fri May 15 23:53:19 2026] [DEBUG] [Client 3] Sent client ID
[Fri May 15 23:53:19 2026] [DEBUG] [Client 3] Sent .pt hash: a0ca5f83...
[Fri May 15 23:53:19 2026] [DEBUG] [Client 3] Hash response: HASH_OK
[Fri May 15 23:53:19 2026] [INFO] [Client 3] PT hash verified
[Fri May 15 23:53:19 2026] [INFO] [Sock 4] Authenticated successfully (pt_path mode)
[Fri May 15 23:55:52 2026] [DEBUG] [Sock 4] Message content: Start Training
[Fri May 15 23:55:52 2026] [DEBUG] [Sock 4] Message code: 1
[Fri May 15 23:55:52 2026] [INFO] [Client 3] State: TRAINING
[Fri May 15 23:56:08 2026] [INFO] [Client 3] State: IDLE
[Fri May 15 23:56:09 2026] [INFO] [Client 3] Finished training
[Fri May 15 23:56:09 2026] [DEBUG] [Sock 4] Message content: Weights
[Fri May 15 23:56:09 2026] [DEBUG] [Sock 4] Message code: 2
[Fri May 15 23:56:09 2026] [INFO] [Client 3] Sending weights to server
[Fri May 15 23:56:11 2026] [DEBUG] [Sock 4] Message content: Start Training
[Fri May 15 23:56:11 2026] [DEBUG] [Sock 4] Message code: 1
[Fri May 15 23:56:11 2026] [INFO] [Client 3] State: TRAINING
[Fri May 15 23:56:11 2026] [DEBUG] [Sock 4] Message content: Ping
[Fri May 15 23:56:11 2026] [DEBUG] [Sock 4] Message code: 5
[Fri May 15 23:56:11 2026] [DEBUG] [Client 3] PONG: TRAINING
[Fri May 15 23:56:33 2026] [INFO] [Client 3] State: IDLE
[Fri May 15 23:56:34 2026] [INFO] [Client 3] Finished training
[Fri May 15 23:56:34 2026] [DEBUG] [Sock 4] Message content: Weights
[Fri May 15 23:56:34 2026] [DEBUG] [Sock 4] Message code: 2
[Fri May 15 23:56:34 2026] [INFO] [Client 3] Sending weights to server
[Fri May 15 23:56:36 2026] [DEBUG] [Sock 4] Message content: Start Training
[Fri May 15 23:56:36 2026] [DEBUG] [Sock 4] Message code: 1
[Fri May 15 23:56:36 2026] [INFO] [Client 3] State: TRAINING
[Fri May 15 23:56:41 2026] [DEBUG] [Sock 4] Message content: Ping
[Fri May 15 23:56:41 2026] [DEBUG] [Sock 4] Message code: 5
[Fri May 15 23:56:41 2026] [DEBUG] [Client 3] PONG: TRAINING
[Fri May 15 23:57:04 2026] [INFO] [Client 3] State: IDLE
[Fri May 15 23:57:04 2026] [INFO] [Client 3] Finished training
[Fri May 15 23:57:04 2026] [DEBUG] [Sock 4] Message content: Weights
[Fri May 15 23:57:04 2026] [DEBUG] [Sock 4] Message code: 2
[Fri May 15 23:57:04 2026] [INFO] [Client 3] Sending weights to server
[Fri May 15 23:57:06 2026] [DEBUG] [Sock 4] Message content: Start Training
[Fri May 15 23:57:06 2026] [DEBUG] [Sock 4] Message code: 1
[Fri May 15 23:57:06 2026] [INFO] [Client 3] State: TRAINING
[Fri May 15 23:57:11 2026] [DEBUG] [Sock 4] Message content: Ping
[Fri May 15 23:57:11 2026] [DEBUG] [Sock 4] Message code: 5
[Fri May 15 23:57:11 2026] [DEBUG] [Client 3] PONG: TRAINING
[Fri May 15 23:57:34 2026] [INFO] [Client 3] State: IDLE
[Fri May 15 23:57:36 2026] [INFO] [Client 3] Finished training
[Fri May 15 23:57:36 2026] [DEBUG] [Sock 4] Message content: Weights
[Fri May 15 23:57:36 2026] [DEBUG] [Sock 4] Message code: 2
[Fri May 15 23:57:36 2026] [INFO] [Client 3] Sending weights to server
[Sat May 16 00:00:27 2026] [INFO] [Client 3] Starting client
[Sat May 16 00:00:27 2026] [INFO] [Sock 4] Connected to server
[Sat May 16 00:00:27 2026] [INFO] [Sock 4] Sending authentication request
[Sat May 16 00:00:27 2026] [DEBUG] [Sock 4] Server response: AUTH_SUCCESSFUL
[Sat May 16 00:00:27 2026] [INFO] [Sock 4] Authentication successful
[Sat May 16 00:00:27 2026] [DEBUG] [Client 3] Sent client ID
[Sat May 16 00:00:27 2026] [DEBUG] [Client 3] Sent architecture
[Sat May 16 00:00:27 2026] [DEBUG] [Client 3] Architecture response: ARCH_OK
[Sat May 16 00:00:27 2026] [INFO] [Client 3] Architecture verified
[Sat May 16 00:00:27 2026] [INFO] [Sock 4] Authenticated successfully
[Sat May 16 00:01:01 2026] [DEBUG] [Sock 4] Message content: Start Training
[Sat May 16 00:01:01 2026] [DEBUG] [Sock 4] Message code: 1
[Sat May 16 00:01:02 2026] [INFO] [Client 3] State: TRAINING
[Sat May 16 00:01:13 2026] [DEBUG] [Sock 4] Message content: Ping
[Sat May 16 00:01:13 2026] [DEBUG] [Sock 4] Message code: 5
[Sat May 16 00:01:13 2026] [DEBUG] [Client 3] PONG: TRAINING
[Sat May 16 00:01:43 2026] [DEBUG] [Sock 4] Message content: Ping
[Sat May 16 00:01:43 2026] [DEBUG] [Sock 4] Message code: 5
[Sat May 16 00:01:43 2026] [DEBUG] [Client 3] PONG: TRAINING
[Sat May 16 00:02:13 2026] [DEBUG] [Sock 4] Message content: Ping
[Sat May 16 00:02:13 2026] [DEBUG] [Sock 4] Message code: 5
[Sat May 16 00:02:13 2026] [DEBUG] [Client 3] PONG: TRAINING
[Sat May 16 00:02:28 2026] [INFO] [Client 3] State: IDLE
[Sat May 16 00:02:28 2026] [INFO] [Client 3] Finished training
[Sat May 16 00:02:28 2026] [DEBUG] [Sock 4] Message content: Weights
[Sat May 16 00:02:28 2026] [DEBUG] [Sock 4] Message code: 2
[Sat May 16 00:02:28 2026] [INFO] [Client 3] Sending weights to server
[Sat May 16 00:06:26 2026] [DEBUG] [Sock 4] Message content: Start Training
[Sat May 16 00:06:26 2026] [DEBUG] [Sock 4] Message code: 1
[Sat May 16 00:06:26 2026] [INFO] [Client 3] State: TRAINING
[Sat May 16 00:06:43 2026] [DEBUG] [Sock 4] Message content: Ping
[Sat May 16 00:06:43 2026] [DEBUG] [Sock 4] Message code: 5
[Sat May 16 00:06:43 2026] [DEBUG] [Client 3] PONG: TRAINING
[Sat May 16 00:07:13 2026] [DEBUG] [Sock 4] Message content: Ping
[Sat May 16 00:07:13 2026] [DEBUG] [Sock 4] Message code: 5
[Sat May 16 00:07:13 2026] [DEBUG] [Client 3] PONG: TRAINING
[Sat May 16 00:07:43 2026] [DEBUG] [Sock 4] Message content: Ping
[Sat May 16 00:07:43 2026] [DEBUG] [Sock 4] Message code: 5
[Sat May 16 00:07:43 2026] [DEBUG] [Client 3] PONG: TRAINING
[Sat May 16 00:07:44 2026] [INFO] [Client 3] State: IDLE
[Sat May 16 00:07:44 2026] [INFO] [Client 3] Finished training
[Sat May 16 00:07:44 2026] [DEBUG] [Sock 4] Message content: Weights
[Sat May 16 00:07:44 2026] [DEBUG] [Sock 4] Message code: 2
[Sat May 16 00:07:44 2026] [INFO] [Client 3] Sending weights to server
[Sat May 16 00:07:56 2026] [DEBUG] [Sock 4] Message content: Sending dataset
[Sat May 16 00:07:56 2026] [DEBUG] [Sock 4] Message code: 3
[Sat May 16 00:07:56 2026] [INFO] [Client] Receiving dataset, saving to: input_client/dataset_train.npz
[Sat May 16 00:07:57 2026] [INFO] [Protocol] Receiving file: input_client/dataset_train.npz (169776490 bytes)
[Sat May 16 00:07:57 2026] [INFO] [Protocol] File saved to: input_client/dataset_train.npz
[Sat May 16 00:07:57 2026] [INFO] [Client] Dataset received successfully
[Sat May 16 00:08:11 2026] [DEBUG] [Sock 4] Message content: Sending dataset
[Sat May 16 00:08:11 2026] [DEBUG] [Sock 4] Message code: 3
[Sat May 16 00:08:11 2026] [INFO] [Client] Receiving dataset, saving to: input_client/dataset_train.npz
[Sat May 16 00:08:12 2026] [INFO] [Protocol] Receiving file: input_client/dataset_train.npz (84888490 bytes)
[Sat May 16 00:08:12 2026] [INFO] [Protocol] File saved to: input_client/dataset_train.npz
[Sat May 16 00:08:13 2026] [INFO] [Client] Dataset received successfully
[Sat May 16 00:09:08 2026] [DEBUG] [Sock 4] Message content: Start Training
[Sat May 16 00:09:08 2026] [DEBUG] [Sock 4] Message code: 1
[Sat May 16 00:09:09 2026] [INFO] [Client 3] State: TRAINING
[Sat May 16 00:09:13 2026] [DEBUG] [Sock 4] Message content: Ping
[Sat May 16 00:09:13 2026] [DEBUG] [Sock 4] Message code: 5
[Sat May 16 00:09:13 2026] [DEBUG] [Client 3] PONG: TRAINING
[Sat May 16 00:09:44 2026] [DEBUG] [Sock 4] Message content: Ping
[Sat May 16 00:09:44 2026] [DEBUG] [Sock 4] Message code: 5
[Sat May 16 00:09:44 2026] [DEBUG] [Client 3] PONG: TRAINING
[Sat May 16 00:09:54 2026] [INFO] [Client 3] State: IDLE
[Sat May 16 00:09:54 2026] [INFO] [Client 3] Finished training
[Sat May 16 00:09:54 2026] [DEBUG] [Sock 4] Message content: Weights
[Sat May 16 00:09:54 2026] [DEBUG] [Sock 4] Message code: 2
[Sat May 16 00:09:54 2026] [INFO] [Client 3] Sending weights to server
[Sat May 16 00:18:00 2026] [DEBUG] [Sock 4] Message content: Sending dataset
[Sat May 16 00:18:00 2026] [DEBUG] [Sock 4] Message code: 3
[Sat May 16 00:18:00 2026] [INFO] [Client] Receiving dataset, saving to: input_client/dataset_train.npz
[Sat May 16 00:18:00 2026] [INFO] [Protocol] Receiving file: input_client/dataset_train.npz (56592490 bytes)
[Sat May 16 00:18:00 2026] [INFO] [Protocol] File saved to: input_client/dataset_train.npz
[Sat May 16 00:18:00 2026] [INFO] [Client] Dataset received successfully
[Sat May 16 00:18:13 2026] [DEBUG] [Sock 4] Message content: Start Training
[Sat May 16 00:18:13 2026] [DEBUG] [Sock 4] Message code: 1
[Sat May 16 00:18:13 2026] [INFO] [Client 3] State: TRAINING
[Sat May 16 00:18:14 2026] [DEBUG] [Sock 4] Message content: Ping
[Sat May 16 00:18:14 2026] [DEBUG] [Sock 4] Message code: 5
[Sat May 16 00:18:14 2026] [DEBUG] [Client 3] PONG: TRAINING
[Sat May 16 00:18:20 2026] [INFO] [Client 3] State: IDLE
[Sat May 16 00:18:20 2026] [INFO] [Client 3] Finished training
[Sat May 16 00:19:40 2026] [DEBUG] [Sock 4] Message content: Weights
[Sat May 16 00:19:40 2026] [DEBUG] [Sock 4] Message code: 2
[Sat May 16 00:19:40 2026] [INFO] [Client 3] Sending weights to server
[Sat May 16 00:19:50 2026] [DEBUG] [Sock 4] Message content: Start Training
[Sat May 16 00:19:50 2026] [DEBUG] [Sock 4] Message code: 1
[Sat May 16 00:19:50 2026] [INFO] [Client 3] State: TRAINING
[Sat May 16 00:19:57 2026] [INFO] [Client 3] State: IDLE
[Sat May 16 00:19:58 2026] [INFO] [Client 3] Finished training
[Sat May 16 00:20:56 2026] [DEBUG] [Sock 4] Message content: Weights
[Sat May 16 00:20:56 2026] [DEBUG] [Sock 4] Message code: 2
[Sat May 16 00:20:56 2026] [INFO] [Client 3] Sending weights to server
[Sat May 16 00:25:04 2026] [INFO] [Client 3] Starting client
[Sat May 16 00:25:04 2026] [INFO] [Sock 4] Connected to server
[Sat May 16 00:25:04 2026] [INFO] [Sock 4] Sending authentication request
[Sat May 16 00:25:04 2026] [DEBUG] [Sock 4] Server response: TRAINING_IN_PROGRESS
[Sat May 16 00:25:04 2026] [ERROR] [Sock 4] Authentication rejected by server
[Sat May 16 00:25:04 2026] [ERROR] [Sock 4] Authentication failed
[Sat May 16 00:25:04 2026] [ERROR] [Client 3] Disconnected from server: Authentication failed
[Wed May 20 18:29:51 2026] [INFO] [Client 3] Starting client
[Wed May 20 18:29:51 2026] [INFO] [Sock 4] Connected to server (pt_path mode)
[Wed May 20 18:29:51 2026] [INFO] [Sock 4] Authentication successful (pt_path mode)
[Wed May 20 18:29:51 2026] [DEBUG] [Client 3] Sent client ID
[Wed May 20 18:29:51 2026] [DEBUG] [Client 3] Sent .pt hash: deec9522...
[Wed May 20 18:29:51 2026] [DEBUG] [Client 3] Hash response: HASH_OK
[Wed May 20 18:29:51 2026] [INFO] [Client 3] PT hash verified
[Wed May 20 18:29:51 2026] [INFO] [Sock 4] Authenticated successfully (pt_path mode)
[Wed May 20 18:30:11 2026] [DEBUG] [Sock 4] Message content: Start Training
[Wed May 20 18:30:11 2026] [DEBUG] [Sock 4] Message code: 1
[Wed May 20 18:30:11 2026] [INFO] [Client 3] State: TRAINING
[Wed May 20 18:30:20 2026] [INFO] [Client 3] State: IDLE
[Wed May 20 18:30:21 2026] [INFO] [Client 3] Finished training
[Wed May 20 18:30:21 2026] [DEBUG] [Sock 4] Message content: Weights
[Wed May 20 18:30:21 2026] [DEBUG] [Sock 4] Message code: 2
[Wed May 20 18:30:21 2026] [INFO] [Client 3] Sending weights to server
